CUDA available! Training on GPU.
[Gaussian Mapper]CUDA available! Training on GPU.
[Gaussian Mapper]Reading parameters from "/home/slam/DynaGS-SLAM-dyn19-20260913/cfg/gaussian_mapper/RGB-D/TUM/tum_rgbd.yaml"
	[ply_header] Type: binary
	[ply_header] element: vertex (6953)
	[ply_header] 	property: x (type=float)
	[ply_header] 	property: y (type=float)
	[ply_header] 	property: z (type=float)
	[ply_header] 	property: nx (type=float)
	[ply_header] 	property: ny (type=float)
	[ply_header] 	property: nz (type=float)
	[ply_header] 	property: f_dc_0 (type=float)
	[ply_header] 	property: f_dc_1 (type=float)
	[ply_header] 	property: f_dc_2 (type=float)
	[ply_header] 	property: f_rest_0 (type=float)
	[ply_header] 	property: f_rest_1 (type=float)
	[ply_header] 	property: f_rest_2 (type=float)
	[ply_header] 	property: f_rest_3 (type=float)
	[ply_header] 	property: f_rest_4 (type=float)
	[ply_header] 	property: f_rest_5 (type=float)
	[ply_header] 	property: f_rest_6 (type=float)
	[ply_header] 	property: f_rest_7 (type=float)
	[ply_header] 	property: f_rest_8 (type=float)
	[ply_header] 	property: f_rest_9 (type=float)
	[ply_header] 	property: f_rest_10 (type=float)
	[ply_header] 	property: f_rest_11 (type=float)
	[ply_header] 	property: f_rest_12 (type=float)
	[ply_header] 	property: f_rest_13 (type=float)
	[ply_header] 	property: f_rest_14 (type=float)
	[ply_header] 	property: f_rest_15 (type=float)
	[ply_header] 	property: f_rest_16 (type=float)
	[ply_header] 	property: f_rest_17 (type=float)
	[ply_header] 	property: f_rest_18 (type=float)
	[ply_header] 	property: f_rest_19 (type=float)
	[ply_header] 	property: f_rest_20 (type=float)
	[ply_header] 	property: f_rest_21 (type=float)
	[ply_header] 	property: f_rest_22 (type=float)
	[ply_header] 	property: f_rest_23 (type=float)
	[ply_header] 	property: f_rest_24 (type=float)
	[ply_header] 	property: f_rest_25 (type=float)
	[ply_header] 	property: f_rest_26 (type=float)
	[ply_header] 	property: f_rest_27 (type=float)
	[ply_header] 	property: f_rest_28 (type=float)
	[ply_header] 	property: f_rest_29 (type=float)
	[ply_header] 	property: f_rest_30 (type=float)
	[ply_header] 	property: f_rest_31 (type=float)
	[ply_header] 	property: f_rest_32 (type=float)
	[ply_header] 	property: f_rest_33 (type=float)
	[ply_header] 	property: f_rest_34 (type=float)
	[ply_header] 	property: f_rest_35 (type=float)
	[ply_header] 	property: f_rest_36 (type=float)
	[ply_header] 	property: f_rest_37 (type=float)
	[ply_header] 	property: f_rest_38 (type=float)
	[ply_header] 	property: f_rest_39 (type=float)
	[ply_header] 	property: f_rest_40 (type=float)
	[ply_header] 	property: f_rest_41 (type=float)
	[ply_header] 	property: f_rest_42 (type=float)
	[ply_header] 	property: f_rest_43 (type=float)
	[ply_header] 	property: f_rest_44 (type=float)
	[ply_header] 	property: opacity (type=float)
	[ply_header] 	property: scale_0 (type=float)
	[ply_header] 	property: scale_1 (type=float)
	[ply_header] 	property: scale_2 (type=float)
	[ply_header] 	property: rot_0 (type=float)
	[ply_header] 	property: rot_1 (type=float)
	[ply_header] 	property: rot_2 (type=float)
	[ply_header] 	property: rot_3 (type=float)
	Read 6953 total xyz 
	Read 6953 total f_dc 
	Read 6953 total f_rest 
	Read 6953 total opacity 
	Read 6953 total scales 
	Read 6953 total rot 
[view_result] Saved 1 batch renders to "/mnt/nas_datasets/slam-experiments/DynaGS-SLAM/dyn21_protocol300_current_20260917_run01/comparison/fig4_rows/fr3_w_xyz/dyn19_full/render"
